0 verbose cli C:\Program Files\nodejs\node.exe C:\Program Files\nodejs\node_modules\npm\bin\npm-cli.js
1 info using npm@11.9.0
2 info using node@v24.14.0
3 silly config load:file:C:\Program Files\nodejs\node_modules\npm\npmrc
4 silly config load:file:C:\Users\Stephen\Documents\New project\.npmrc
5 silly config load:file:C:\Users\Stephen\.npmrc
6 silly config load:file:C:\Users\Stephen\AppData\Roaming\npm\etc\npmrc
7 verbose title npm install bcryptjs jsonwebtoken cookie-parser
8 verbose argv "install" "--cache" ".\\.npm-cache" "bcryptjs" "jsonwebtoken" "cookie-parser"
9 verbose logfile logs-max:10 dir:C:\Users\Stephen\Documents\New project\.npm-cache\_logs\2026-05-11T12_56_28_282Z-
10 verbose logfile C:\Users\Stephen\Documents\New project\.npm-cache\_logs\2026-05-11T12_56_28_282Z-debug-0.log
11 silly logfile done cleaning log files
12 silly packumentCache heap:4496293888 maxSize:1124073472 maxEntrySize:562036736
13 verbose shrinkwrap failed to load node_modules/.package-lock.json out of date, updated: apps/backend
14 silly idealTree buildDeps
15 silly fetch manifest bcryptjs@*
16 silly packumentCache full:https://registry.npmjs.org/bcryptjs cache-miss
17 http fetch GET 200 https://registry.npmjs.org/bcryptjs 225ms (cache miss)
18 silly packumentCache full:https://registry.npmjs.org/bcryptjs set size:undefined disposed:false
19 silly fetch manifest jsonwebtoken@*
20 silly packumentCache full:https://registry.npmjs.org/jsonwebtoken cache-miss
21 http fetch GET 200 https://registry.npmjs.org/jsonwebtoken 49ms (cache miss)
22 silly packumentCache full:https://registry.npmjs.org/jsonwebtoken set size:undefined disposed:false
23 silly fetch manifest cookie-parser@*
24 silly packumentCache full:https://registry.npmjs.org/cookie-parser cache-miss
25 http fetch GET 200 https://registry.npmjs.org/cookie-parser 54ms (cache miss)
26 silly packumentCache full:https://registry.npmjs.org/cookie-parser set size:undefined disposed:false
27 silly placeDep ROOT bcryptjs@3.0.3 OK for: drafting-design-erp@0.1.0 want: *
28 silly placeDep ROOT cookie-parser@1.4.7 OK for: drafting-design-erp@0.1.0 want: *
29 silly placeDep ROOT jsonwebtoken@9.0.3 OK for: drafting-design-erp@0.1.0 want: *
30 silly fetch manifest cookie-signature@1.0.6
31 silly packumentCache full:https://registry.npmjs.org/cookie-signature cache-miss
32 silly fetch manifest jws@^4.0.1
33 silly packumentCache full:https://registry.npmjs.org/jws cache-miss
34 silly fetch manifest semver@^7.5.4
35 silly packumentCache full:https://registry.npmjs.org/semver cache-miss
36 silly fetch manifest lodash.once@^4.0.0
37 silly packumentCache full:https://registry.npmjs.org/lodash.once cache-miss
38 silly fetch manifest lodash.includes@^4.3.0
39 silly packumentCache full:https://registry.npmjs.org/lodash.includes cache-miss
40 silly fetch manifest lodash.isnumber@^3.0.3
41 silly packumentCache full:https://registry.npmjs.org/lodash.isnumber cache-miss
42 silly fetch manifest lodash.isstring@^4.0.1
43 silly packumentCache full:https://registry.npmjs.org/lodash.isstring cache-miss
44 silly fetch manifest lodash.isboolean@^3.0.3
45 silly packumentCache full:https://registry.npmjs.org/lodash.isboolean cache-miss
46 silly fetch manifest lodash.isinteger@^4.0.4
47 silly packumentCache full:https://registry.npmjs.org/lodash.isinteger cache-miss
48 silly fetch manifest lodash.isplainobject@^4.0.6
49 silly packumentCache full:https://registry.npmjs.org/lodash.isplainobject cache-miss
50 http fetch GET 200 https://registry.npmjs.org/jws 69ms (cache miss)
51 silly packumentCache full:https://registry.npmjs.org/jws set size:undefined disposed:false
52 http fetch GET 200 https://registry.npmjs.org/semver 138ms (cache revalidated)
53 silly packumentCache full:https://registry.npmjs.org/semver set size:233058 disposed:false
54 http fetch GET 200 https://registry.npmjs.org/cookie-signature 141ms (cache revalidated)
55 silly packumentCache full:https://registry.npmjs.org/cookie-signature set size:21777 disposed:false
56 http fetch GET 200 https://registry.npmjs.org/lodash.isnumber 140ms (cache miss)
57 silly packumentCache full:https://registry.npmjs.org/lodash.isnumber set size:undefined disposed:false
58 http fetch GET 200 https://registry.npmjs.org/lodash.isinteger 143ms (cache miss)
59 silly packumentCache full:https://registry.npmjs.org/lodash.isinteger set size:undefined disposed:false
60 http fetch GET 200 https://registry.npmjs.org/lodash.isboolean 145ms (cache miss)
61 silly packumentCache full:https://registry.npmjs.org/lodash.isboolean set size:undefined disposed:false
62 http fetch GET 200 https://registry.npmjs.org/lodash.once 147ms (cache miss)
63 silly packumentCache full:https://registry.npmjs.org/lodash.once set size:undefined disposed:false
64 http fetch GET 200 https://registry.npmjs.org/lodash.isstring 147ms (cache miss)
65 silly packumentCache full:https://registry.npmjs.org/lodash.isstring set size:undefined disposed:false
66 http fetch GET 200 https://registry.npmjs.org/lodash.includes 149ms (cache miss)
67 silly packumentCache full:https://registry.npmjs.org/lodash.includes set size:undefined disposed:false
68 http fetch GET 200 https://registry.npmjs.org/lodash.isplainobject 148ms (cache miss)
69 silly packumentCache full:https://registry.npmjs.org/lodash.isplainobject set size:undefined disposed:false
70 silly placeDep node_modules/cookie-parser cookie-signature@1.0.6 OK for: cookie-parser@1.4.7 want: 1.0.6
71 silly placeDep ROOT jws@4.0.1 OK for: jsonwebtoken@9.0.3 want: ^4.0.1
72 silly placeDep ROOT lodash.includes@4.3.0 OK for: jsonwebtoken@9.0.3 want: ^4.3.0
73 silly placeDep ROOT lodash.isboolean@3.0.3 OK for: jsonwebtoken@9.0.3 want: ^3.0.3
74 silly placeDep ROOT lodash.isinteger@4.0.4 OK for: jsonwebtoken@9.0.3 want: ^4.0.4
75 silly placeDep ROOT lodash.isnumber@3.0.3 OK for: jsonwebtoken@9.0.3 want: ^3.0.3
76 silly placeDep ROOT lodash.isplainobject@4.0.6 OK for: jsonwebtoken@9.0.3 want: ^4.0.6
77 silly placeDep ROOT lodash.isstring@4.0.1 OK for: jsonwebtoken@9.0.3 want: ^4.0.1
78 silly placeDep ROOT lodash.once@4.1.1 OK for: jsonwebtoken@9.0.3 want: ^4.0.0
79 silly placeDep node_modules/jsonwebtoken semver@7.8.0 OK for: jsonwebtoken@9.0.3 want: ^7.5.4
80 silly fetch manifest jwa@^2.0.1
81 silly packumentCache full:https://registry.npmjs.org/jwa cache-miss
82 silly fetch manifest safe-buffer@^5.0.1
83 silly packumentCache full:https://registry.npmjs.org/safe-buffer cache-miss
84 http fetch GET 200 https://registry.npmjs.org/jwa 44ms (cache miss)
85 silly packumentCache full:https://registry.npmjs.org/jwa set size:undefined disposed:false
86 http fetch GET 200 https://registry.npmjs.org/safe-buffer 49ms (cache miss)
87 silly packumentCache full:https://registry.npmjs.org/safe-buffer set size:undefined disposed:false
88 silly placeDep ROOT jwa@2.0.1 OK for: jws@4.0.1 want: ^2.0.1
89 silly placeDep ROOT safe-buffer@5.2.1 OK for: jws@4.0.1 want: ^5.0.1
90 silly fetch manifest ecdsa-sig-formatter@1.0.11
91 silly packumentCache full:https://registry.npmjs.org/ecdsa-sig-formatter cache-miss
92 silly fetch manifest buffer-equal-constant-time@^1.0.1
93 silly packumentCache full:https://registry.npmjs.org/buffer-equal-constant-time cache-miss
94 http fetch GET 200 https://registry.npmjs.org/ecdsa-sig-formatter 44ms (cache miss)
95 silly packumentCache full:https://registry.npmjs.org/ecdsa-sig-formatter set size:undefined disposed:false
96 http fetch GET 200 https://registry.npmjs.org/buffer-equal-constant-time 53ms (cache miss)
97 silly packumentCache full:https://registry.npmjs.org/buffer-equal-constant-time set size:undefined disposed:false
98 silly placeDep ROOT buffer-equal-constant-time@1.0.1 OK for: jwa@2.0.1 want: ^1.0.1
99 silly placeDep ROOT ecdsa-sig-formatter@1.0.11 OK for: jwa@2.0.1 want: 1.0.11
100 silly reify moves {}
101 silly audit bulk request {
101 silly audit   '@erp/backend': [ '0.1.0' ],
101 silly audit   typescript: [ '5.9.3', '6.0.3' ],
101 silly audit   '@erp/frontend': [ '0.1.0' ],
101 silly audit   '@alloc/quick-lru': [ '5.2.0' ],
101 silly audit   '@babel/code-frame': [ '7.29.0' ],
101 silly audit   '@babel/compat-data': [ '7.29.3' ],
101 silly audit   '@babel/core': [ '7.29.0' ],
101 silly audit   '@babel/generator': [ '7.29.1' ],
101 silly audit   '@babel/helper-compilation-targets': [ '7.28.6' ],
101 silly audit   '@babel/helper-globals': [ '7.28.0' ],
101 silly audit   '@babel/helper-module-imports': [ '7.28.6' ],
101 silly audit   '@babel/helper-module-transforms': [ '7.28.6' ],
101 silly audit   '@babel/helper-plugin-utils': [ '7.28.6' ],
101 silly audit   '@babel/helper-string-parser': [ '7.27.1' ],
101 silly audit   '@babel/helper-validator-identifier': [ '7.28.5' ],
101 silly audit   '@babel/helper-validator-option': [ '7.27.1' ],
101 silly audit   '@babel/helpers': [ '7.29.2' ],
101 silly audit   '@babel/parser': [ '7.29.3' ],
101 silly audit   '@babel/plugin-transform-react-jsx-self': [ '7.27.1' ],
101 silly audit   '@babel/plugin-transform-react-jsx-source': [ '7.27.1' ],
101 silly audit   '@babel/template': [ '7.28.6' ],
101 silly audit   '@babel/traverse': [ '7.29.0' ],
101 silly audit   '@babel/types': [ '7.29.0' ],
101 silly audit   '@esbuild/aix-ppc64': [ '0.27.7', '0.25.12' ],
101 silly audit   '@esbuild/android-arm': [ '0.27.7', '0.25.12' ],
101 silly audit   '@esbuild/android-arm64': [ '0.27.7', '0.25.12' ],
101 silly audit   '@esbuild/android-x64': [ '0.27.7', '0.25.12' ],
101 silly audit   '@esbuild/darwin-arm64': [ '0.27.7', '0.25.12' ],
101 silly audit   '@esbuild/darwin-x64': [ '0.27.7', '0.25.12' ],
101 silly audit   '@esbuild/freebsd-arm64': [ '0.27.7', '0.25.12' ],
101 silly audit   '@esbuild/freebsd-x64': [ '0.27.7', '0.25.12' ],
101 silly audit   '@esbuild/linux-arm': [ '0.27.7', '0.25.12' ],
101 silly audit   '@esbuild/linux-arm64': [ '0.27.7', '0.25.12' ],
101 silly audit   '@esbuild/linux-ia32': [ '0.27.7', '0.25.12' ],
101 silly audit   '@esbuild/linux-loong64': [ '0.27.7', '0.25.12' ],
101 silly audit   '@esbuild/linux-mips64el': [ '0.27.7', '0.25.12' ],
101 silly audit   '@esbuild/linux-ppc64': [ '0.27.7', '0.25.12' ],
101 silly audit   '@esbuild/linux-riscv64': [ '0.27.7', '0.25.12' ],
101 silly audit   '@esbuild/linux-s390x': [ '0.27.7', '0.25.12' ],
101 silly audit   '@esbuild/linux-x64': [ '0.27.7', '0.25.12' ],
101 silly audit   '@esbuild/netbsd-arm64': [ '0.27.7', '0.25.12' ],
101 silly audit   '@esbuild/netbsd-x64': [ '0.27.7', '0.25.12' ],
101 silly audit   '@esbuild/openbsd-arm64': [ '0.27.7', '0.25.12' ],
101 silly audit   '@esbuild/openbsd-x64': [ '0.27.7', '0.25.12' ],
101 silly audit   '@esbuild/openharmony-arm64': [ '0.27.7', '0.25.12' ],
101 silly audit   '@esbuild/sunos-x64': [ '0.27.7', '0.25.12' ],
101 silly audit   '@esbuild/win32-arm64': [ '0.27.7', '0.25.12' ],
101 silly audit   '@esbuild/win32-ia32': [ '0.27.7', '0.25.12' ],
101 silly audit   '@esbuild/win32-x64': [ '0.27.7', '0.25.12' ],
101 silly audit   '@eslint-community/eslint-utils': [ '4.9.1' ],
101 silly audit   'eslint-visitor-keys': [ '3.4.3', '5.0.1', '4.2.1' ],
101 silly audit   '@eslint-community/regexpp': [ '4.12.2' ],
101 silly audit   '@eslint/config-array': [ '0.21.2' ],
101 silly audit   '@eslint/config-helpers': [ '0.4.2' ],
101 silly audit   '@eslint/core': [ '0.17.0' ],
101 silly audit   '@eslint/eslintrc': [ '3.3.5' ],
101 silly audit   globals: [ '14.0.0', '16.5.0' ],
101 silly audit   '@eslint/js': [ '9.39.4' ],
101 silly audit   '@eslint/object-schema': [ '2.1.7' ],
101 silly audit   '@eslint/plugin-kit': [ '0.4.1' ],
101 silly audit   '@humanfs/core': [ '0.19.2' ],
101 silly audit   '@humanfs/node': [ '0.16.8' ],
101 silly audit   '@humanfs/types': [ '0.15.0' ],
101 silly audit   '@humanwhocodes/module-importer': [ '1.0.1' ],
101 silly audit   '@humanwhocodes/retry': [ '0.4.3' ],
101 silly audit   '@jridgewell/gen-mapping': [ '0.3.13' ],
101 silly audit   '@jridgewell/remapping': [ '2.3.5' ],
101 silly audit   '@jridgewell/resolve-uri': [ '3.1.2' ],
101 silly audit   '@jridgewell/sourcemap-codec': [ '1.5.5' ],
101 silly audit   '@jridgewell/trace-mapping': [ '0.3.31' ],
101 silly audit   '@nodelib/fs.scandir': [ '2.1.5' ],
101 silly audit   '@nodelib/fs.stat': [ '2.0.5' ],
101 silly audit   '@nodelib/fs.walk': [ '1.2.8' ],
101 silly audit   '@rolldown/pluginutils': [ '1.0.0-beta.27' ],
101 silly audit   '@rollup/rollup-android-arm-eabi': [ '4.60.3' ],
101 silly audit   '@rollup/rollup-android-arm64': [ '4.60.3' ],
101 silly audit   '@rollup/rollup-darwin-arm64': [ '4.60.3' ],
101 silly audit   '@rollup/rollup-darwin-x64': [ '4.60.3' ],
101 silly audit   '@rollup/rollup-freebsd-arm64': [ '4.60.3' ],
101 silly audit   '@rollup/rollup-freebsd-x64': [ '4.60.3' ],
101 silly audit   '@rollup/rollup-linux-arm-gnueabihf': [ '4.60.3' ],
101 silly audit   '@rollup/rollup-linux-arm-musleabihf': [ '4.60.3' ],
101 silly audit   '@rollup/rollup-linux-arm64-gnu': [ '4.60.3' ],
101 silly audit   '@rollup/rollup-linux-arm64-musl': [ '4.60.3' ],
101 silly audit   '@rollup/rollup-linux-loong64-gnu': [ '4.60.3' ],
101 silly audit   '@rollup/rollup-linux-loong64-musl': [ '4.60.3' ],
101 silly audit   '@rollup/rollup-linux-ppc64-gnu': [ '4.60.3' ],
101 silly audit   '@rollup/rollup-linux-ppc64-musl': [ '4.60.3' ],
101 silly audit   '@rollup/rollup-linux-riscv64-gnu': [ '4.60.3' ],
101 silly audit   '@rollup/rollup-linux-riscv64-musl': [ '4.60.3' ],
101 silly audit   '@rollup/rollup-linux-s390x-gnu': [ '4.60.3' ],
101 silly audit   '@rollup/rollup-linux-x64-gnu': [ '4.60.3' ],
101 silly audit   '@rollup/rollup-linux-x64-musl': [ '4.60.3' ],
101 silly audit   '@rollup/rollup-openbsd-x64': [ '4.60.3' ],
101 silly audit   '@rollup/rollup-openharmony-arm64': [ '4.60.3' ],
101 silly audit   '@rollup/rollup-win32-arm64-msvc': [ '4.60.3' ],
101 silly audit   '@rollup/rollup-win32-ia32-msvc': [ '4.60.3' ],
101 silly audit   '@rollup/rollup-win32-x64-gnu': [ '4.60.3' ],
101 silly audit   '@rollup/rollup-win32-x64-msvc': [ '4.60.3' ],
101 silly audit   '@types/babel__core': [ '7.20.5' ],
101 silly audit   '@types/babel__generator': [ '7.27.0' ],
101 silly audit   '@types/babel__template': [ '7.4.4' ],
101 silly audit   '@types/babel__traverse': [ '7.28.0' ],
101 silly audit   '@types/body-parser': [ '1.19.6' ],
101 silly audit   '@types/connect': [ '3.4.38' ],
101 silly audit   '@types/cors': [ '2.8.19' ],
101 silly audit   '@types/estree': [ '1.0.9', '1.0.8' ],
101 silly audit   '@types/express': [ '5.0.6' ],
101 silly audit   '@types/express-serve-static-core': [ '5.1.1' ],
101 silly audit   '@types/http-errors': [ '2.0.5' ],
101 silly audit   '@types/json-schema': [ '7.0.15' ],
101 silly audit   '@types/node': [ '22.19.18' ],
101 silly audit   '@types/qs': [ '6.15.1' ],
101 silly audit   '@types/range-parser': [ '1.2.7' ],
101 silly audit   '@types/react': [ '19.2.14' ],
101 silly audit   '@types/react-dom': [ '19.2.3' ],
101 silly audit   '@types/send': [ '1.2.1' ],
101 silly audit   '@types/serve-static': [ '2.2.0' ],
101 silly audit   '@typescript-eslint/eslint-plugin': [ '8.59.2' ],
101 silly audit   ignore: [ '7.0.5', '5.3.2' ],
101 silly audit   '@typescript-eslint/parser': [ '8.59.2' ],
101 silly audit   '@typescript-eslint/project-service': [ '8.59.2' ],
101 silly audit   '@typescript-eslint/scope-manager': [ '8.59.2' ],
101 silly audit   '@typescript-eslint/tsconfig-utils': [ '8.59.2' ],
101 silly audit   '@typescript-eslint/type-utils': [ '8.59.2' ],
101 silly audit   '@typescript-eslint/types': [ '8.59.2' ],
101 silly audit   '@typescript-eslint/typescript-estree': [ '8.59.2' ],
101 silly audit   'balanced-match': [ '4.0.4', '1.0.2' ],
101 silly audit   'brace-expansion': [ '5.0.6', '1.1.14' ],
101 silly audit   minimatch: [ '10.2.5', '3.1.5' ],
101 silly audit   semver: [ '7.8.0', '6.3.1' ],
101 silly audit   '@typescript-eslint/utils': [ '8.59.2' ],
101 silly audit   '@typescript-eslint/visitor-keys': [ '8.59.2' ],
101 silly audit   '@vitejs/plugin-react': [ '4.7.0' ],
101 silly audit   accepts: [ '2.0.0' ],
101 silly audit   acorn: [ '8.16.0' ],
101 silly audit   'acorn-jsx': [ '5.3.2' ],
101 silly audit   ajv: [ '6.15.0' ],
101 silly audit   'ansi-regex': [ '5.0.1' ],
101 silly audit   'ansi-styles': [ '4.3.0' ],
101 silly audit   'any-promise': [ '1.3.0' ],
101 silly audit   anymatch: [ '3.1.3' ],
101 silly audit   arg: [ '5.0.2' ],
101 silly audit   argparse: [ '2.0.1' ],
101 silly audit   asynckit: [ '0.4.0' ],
101 silly audit   autoprefixer: [ '10.5.0' ],
101 silly audit   axios: [ '1.16.0' ],
101 silly audit   'baseline-browser-mapping': [ '2.10.29' ],
101 silly audit   'binary-extensions': [ '2.3.0' ],
101 silly audit   'body-parser': [ '2.2.2' ],
101 silly audit   braces: [ '3.0.3' ],
101 silly audit   browserslist: [ '4.28.2' ],
101 silly audit   bytes: [ '3.1.2' ],
101 silly audit   'call-bind-apply-helpers': [ '1.0.2' ],
101 silly audit   'call-bound': [ '1.0.4' ],
101 silly audit   callsites: [ '3.1.0' ],
101 silly audit   'camelcase-css': [ '2.0.1' ],
101 silly audit   'caniuse-lite': [ '1.0.30001792' ],
101 silly audit   chalk: [ '4.1.2' ],
101 silly audit   'supports-color': [ '7.2.0', '8.1.1' ],
101 silly audit   chokidar: [ '3.6.0' ],
101 silly audit   'glob-parent': [ '5.1.2', '6.0.2' ],
101 silly audit   cliui: [ '8.0.1' ],
101 silly audit   'color-convert': [ '2.0.1' ],
101 silly audit   'color-name': [ '1.1.4' ],
101 silly audit   'combined-stream': [ '1.0.8' ],
101 silly audit   commander: [ '4.1.1' ],
101 silly audit   'concat-map': [ '0.0.1' ],
101 silly audit   concurrently: [ '9.2.1' ],
101 silly audit   'content-disposition': [ '1.1.0' ],
101 silly audit   'content-type': [ '1.0.5' ],
101 silly audit   'convert-source-map': [ '2.0.0' ],
101 silly audit   cookie: [ '0.7.2', '1.1.1' ],
101 silly audit   'cookie-signature': [ '1.2.2', '1.0.6' ],
101 silly audit   cors: [ '2.8.6' ],
101 silly audit   'cross-spawn': [ '7.0.6' ],
101 silly audit   cssesc: [ '3.0.0' ],
101 silly audit   csstype: [ '3.2.3' ],
101 silly audit   debug: [ '4.4.3' ],
101 silly audit   'deep-is': [ '0.1.4' ],
101 silly audit   'delayed-stream': [ '1.0.0' ],
101 silly audit   depd: [ '2.0.0' ],
101 silly audit   didyoumean: [ '1.2.2' ],
101 silly audit   dlv: [ '1.1.3' ],
101 silly audit   dotenv: [ '16.6.1' ],
101 silly audit   'dunder-proto': [ '1.0.1' ],
101 silly audit   'ee-first': [ '1.1.1' ],
101 silly audit   'electron-to-chromium': [ '1.5.353' ],
101 silly audit   'emoji-regex': [ '8.0.0' ],
101 silly audit   encodeurl: [ '2.0.0' ],
101 silly audit   'es-define-property': [ '1.0.1' ],
101 silly audit   'es-errors': [ '1.3.0' ],
101 silly audit   'es-object-atoms': [ '1.1.1' ],
101 silly audit   'es-set-tostringtag': [ '2.1.0' ],
101 silly audit   esbuild: [ '0.27.7', '0.25.12' ],
101 silly audit   escalade: [ '3.2.0' ],
101 silly audit   'escape-html': [ '1.0.3' ],
101 silly audit   'escape-string-regexp': [ '4.0.0' ],
101 silly audit   eslint: [ '9.39.4' ],
101 silly audit   'eslint-config-prettier': [ '10.1.8' ],
101 silly audit   'eslint-scope': [ '8.4.0' ],
101 silly audit   espree: [ '10.4.0' ],
101 silly audit   esquery: [ '1.7.0' ],
101 silly audit   esrecurse: [ '4.3.0' ],
101 silly audit   estraverse: [ '5.3.0' ],
101 silly audit   esutils: [ '2.0.3' ],
101 silly audit   etag: [ '1.8.1' ],
101 silly audit   express: [ '5.2.1' ],
101 silly audit   'fast-deep-equal': [ '3.1.3' ],
101 silly audit   'fast-glob': [ '3.3.3' ],
101 silly audit   'fast-json-stable-stringify': [ '2.1.0' ],
101 silly audit   'fast-levenshtein': [ '2.0.6' ],
101 silly audit   fastq: [ '1.20.1' ],
101 silly audit   'file-entry-cache': [ '8.0.0' ],
101 silly audit   'fill-range': [ '7.1.1' ],
101 silly audit   finalhandler: [ '2.1.1' ],
101 silly audit   'find-up': [ '5.0.0' ],
101 silly audit   'flat-cache': [ '4.0.1' ],
101 silly audit   flatted: [ '3.4.2' ],
101 silly audit   'follow-redirects': [ '1.16.0' ],
101 silly audit   'form-data': [ '4.0.5' ],
101 silly audit   'mime-db': [ '1.52.0', '1.54.0' ],
101 silly audit   'mime-types': [ '2.1.35', '3.0.2' ],
101 silly audit   forwarded: [ '0.2.0' ],
101 silly audit   'fraction.js': [ '5.3.4' ],
101 silly audit   fresh: [ '2.0.0' ],
101 silly audit   fsevents: [ '2.3.3' ],
101 silly audit   'function-bind': [ '1.1.2' ],
101 silly audit   gensync: [ '1.0.0-beta.2' ],
101 silly audit   'get-caller-file': [ '2.0.5' ],
101 silly audit   'get-intrinsic': [ '1.3.0' ],
101 silly audit   'get-proto': [ '1.0.1' ],
101 silly audit   'get-tsconfig': [ '4.14.0' ],
101 silly audit   gopd: [ '1.2.0' ],
101 silly audit   'has-flag': [ '4.0.0' ],
101 silly audit   'has-symbols': [ '1.1.0' ],
101 silly audit   'has-tostringtag': [ '1.0.2' ],
101 silly audit   hasown: [ '2.0.3' ],
101 silly audit   helmet: [ '8.1.0' ],
101 silly audit   'http-errors': [ '2.0.1' ],
101 silly audit   'iconv-lite': [ '0.7.2' ],
101 silly audit   'import-fresh': [ '3.3.1' ],
101 silly audit   imurmurhash: [ '0.1.4' ],
101 silly audit   inherits: [ '2.0.4' ],
101 silly audit   'ipaddr.js': [ '1.9.1' ],
101 silly audit   'is-binary-path': [ '2.1.0' ],
101 silly audit   'is-core-module': [ '2.16.2' ],
101 silly audit   'is-extglob': [ '2.1.1' ],
101 silly audit   'is-fullwidth-code-point': [ '3.0.0' ],
101 silly audit   'is-glob': [ '4.0.3' ],
101 silly audit   'is-number': [ '7.0.0' ],
101 silly audit   'is-promise': [ '4.0.0' ],
101 silly audit   isexe: [ '2.0.0' ],
101 silly audit   jiti: [ '1.21.7' ],
101 silly audit   'js-tokens': [ '4.0.0' ],
101 silly audit   'js-yaml': [ '4.1.1' ],
101 silly audit   jsesc: [ '3.1.0' ],
101 silly audit   'json-buffer': [ '3.0.1' ],
101 silly audit   'json-schema-traverse': [ '0.4.1' ],
101 silly audit   'json-stable-stringify-without-jsonify': [ '1.0.1' ],
101 silly audit   json5: [ '2.2.3' ],
101 silly audit   keyv: [ '4.5.4' ],
101 silly audit   levn: [ '0.4.1' ],
101 silly audit   lilconfig: [ '3.1.3' ],
101 silly audit   'lines-and-columns': [ '1.2.4' ],
101 silly audit   'locate-path': [ '6.0.0' ],
101 silly audit   'lodash.merge': [ '4.6.2' ],
101 silly audit   'lru-cache': [ '5.1.1' ],
101 silly audit   'lucide-react': [ '0.511.0' ],
101 silly audit   'math-intrinsics': [ '1.1.0' ],
101 silly audit   'media-typer': [ '1.1.0' ],
101 silly audit   'merge-descriptors': [ '2.0.0' ],
101 silly audit   merge2: [ '1.4.1' ],
101 silly audit   micromatch: [ '4.0.8' ],
101 silly audit   ms: [ '2.1.3' ],
101 silly audit   mz: [ '2.7.0' ],
101 silly audit   nanoid: [ '3.3.12' ],
101 silly audit   'natural-compare': [ '1.4.0' ],
101 silly audit   negotiator: [ '1.0.0' ],
101 silly audit   'node-releases': [ '2.0.38' ],
101 silly audit   'normalize-path': [ '3.0.0' ],
101 silly audit   'object-assign': [ '4.1.1' ],
101 silly audit   'object-hash': [ '3.0.0' ],
101 silly audit   'object-inspect': [ '1.13.4' ],
101 silly audit   'on-finished': [ '2.4.1' ],
101 silly audit   once: [ '1.4.0' ],
101 silly audit   optionator: [ '0.9.4' ],
101 silly audit   'p-limit': [ '3.1.0' ],
101 silly audit   'p-locate': [ '5.0.0' ],
101 silly audit   'parent-module': [ '1.0.1' ],
101 silly audit   parseurl: [ '1.3.3' ],
101 silly audit   'path-exists': [ '4.0.0' ],
101 silly audit   'path-key': [ '3.1.1' ],
101 silly audit   'path-parse': [ '1.0.7' ],
101 silly audit   'path-to-regexp': [ '8.4.2' ],
101 silly audit   picocolors: [ '1.1.1' ],
101 silly audit   picomatch: [ '2.3.2', '4.0.4' ],
101 silly audit   pify: [ '2.3.0' ],
101 silly audit   pirates: [ '4.0.7' ],
101 silly audit   postcss: [ '8.5.14' ],
101 silly audit   'postcss-import': [ '15.1.0' ],
101 silly audit   'postcss-js': [ '4.1.0' ],
101 silly audit   'postcss-load-config': [ '6.0.1' ],
101 silly audit   'postcss-nested': [ '6.2.0' ],
101 silly audit   'postcss-selector-parser': [ '6.1.2' ],
101 silly audit   'postcss-value-parser': [ '4.2.0' ],
101 silly audit   'prelude-ls': [ '1.2.1' ],
101 silly audit   prettier: [ '3.8.3' ],
101 silly audit   'proxy-addr': [ '2.0.7' ],
101 silly audit   'proxy-from-env': [ '2.1.0' ],
101 silly audit   punycode: [ '2.3.1' ],
101 silly audit   qs: [ '6.15.1' ],
101 silly audit   'queue-microtask': [ '1.2.3' ],
101 silly audit   'range-parser': [ '1.2.1' ],
101 silly audit   'raw-body': [ '3.0.2' ],
101 silly audit   react: [ '19.2.6' ],
101 silly audit   'react-dom': [ '19.2.6' ],
101 silly audit   'react-refresh': [ '0.17.0' ],
101 silly audit   'react-router': [ '7.15.0' ],
101 silly audit   'react-router-dom': [ '7.15.0' ],
101 silly audit   'read-cache': [ '1.0.0' ],
101 silly audit   readdirp: [ '3.6.0' ],
101 silly audit   'require-directory': [ '2.1.1' ],
101 silly audit   resolve: [ '1.22.12' ],
101 silly audit   'resolve-from': [ '4.0.0' ],
101 silly audit   'resolve-pkg-maps': [ '1.0.0' ],
101 silly audit   reusify: [ '1.1.0' ],
101 silly audit   rollup: [ '4.60.3' ],
101 silly audit   router: [ '2.2.0' ],
101 silly audit   'run-parallel': [ '1.2.0' ],
101 silly audit   rxjs: [ '7.8.2' ],
101 silly audit   'safer-buffer': [ '2.1.2' ],
101 silly audit   scheduler: [ '0.27.0' ],
101 silly audit   send: [ '1.2.1' ],
101 silly audit   'serve-static': [ '2.2.1' ],
101 silly audit   'set-cookie-parser': [ '2.7.2' ],
101 silly audit   setprototypeof: [ '1.2.0' ],
101 silly audit   'shebang-command': [ '2.0.0' ],
101 silly audit   'shebang-regex': [ '3.0.0' ],
101 silly audit   'shell-quote': [ '1.8.3' ],
101 silly audit   'side-channel': [ '1.1.0' ],
101 silly audit   'side-channel-list': [ '1.0.1' ],
101 silly audit   'side-channel-map': [ '1.0.1' ],
101 silly audit   'side-channel-weakmap': [ '1.0.2' ],
101 silly audit   'source-map-js': [ '1.2.1' ],
101 silly audit   statuses: [ '2.0.2' ],
101 silly audit   'string-width': [ '4.2.3' ],
101 silly audit   'strip-ansi': [ '6.0.1' ],
101 silly audit   'strip-json-comments': [ '3.1.1' ],
101 silly audit   sucrase: [ '3.35.1' ],
101 silly audit   'supports-preserve-symlinks-flag': [ '1.0.0' ],
101 silly audit   tailwindcss: [ '3.4.19' ],
101 silly audit   thenify: [ '3.3.1' ],
101 silly audit   'thenify-all': [ '1.6.0' ],
101 silly audit   tinyglobby: [ '0.2.16' ],
101 silly audit   fdir: [ '6.5.0' ],
101 silly audit   'to-regex-range': [ '5.0.1' ],
101 silly audit   toidentifier: [ '1.0.1' ],
101 silly audit   'tree-kill': [ '1.2.2' ],
101 silly audit   'ts-api-utils': [ '2.5.0' ],
101 silly audit   'ts-interface-checker': [ '0.1.13' ],
101 silly audit   tslib: [ '2.8.1' ],
101 silly audit   tsx: [ '4.21.0' ],
101 silly audit   'type-check': [ '0.4.0' ],
101 silly audit   'type-is': [ '2.0.1' ],
101 silly audit   'typescript-eslint': [ '8.59.2' ],
101 silly audit   'undici-types': [ '6.21.0' ],
101 silly audit   unpipe: [ '1.0.0' ],
101 silly audit   'update-browserslist-db': [ '1.2.3' ],
101 silly audit   'uri-js': [ '4.4.1' ],
101 silly audit   'util-deprecate': [ '1.0.2' ],
101 silly audit   vary: [ '1.1.2' ],
101 silly audit   vite: [ '6.4.2' ],
101 silly audit   which: [ '2.0.2' ],
101 silly audit   'word-wrap': [ '1.2.5' ],
101 silly audit   'wrap-ansi': [ '7.0.0' ],
101 silly audit   wrappy: [ '1.0.2' ],
101 silly audit   y18n: [ '5.0.8' ],
101 silly audit   yallist: [ '3.1.1' ],
101 silly audit   yargs: [ '17.7.2' ],
101 silly audit   'yargs-parser': [ '21.1.1' ],
101 silly audit   'yocto-queue': [ '0.1.0' ],
101 silly audit   zod: [ '3.25.76' ],
101 silly audit   bcryptjs: [ '3.0.3' ],
101 silly audit   'cookie-parser': [ '1.4.7' ],
101 silly audit   jsonwebtoken: [ '9.0.3' ],
101 silly audit   jws: [ '4.0.1' ],
101 silly audit   'lodash.includes': [ '4.3.0' ],
101 silly audit   'lodash.isboolean': [ '3.0.3' ],
101 silly audit   'lodash.isinteger': [ '4.0.4' ],
101 silly audit   'lodash.isnumber': [ '3.0.3' ],
101 silly audit   'lodash.isplainobject': [ '4.0.6' ],
101 silly audit   'lodash.isstring': [ '4.0.1' ],
101 silly audit   'lodash.once': [ '4.1.1' ],
101 silly audit   jwa: [ '2.0.1' ],
101 silly audit   'safe-buffer': [ '5.2.1' ],
101 silly audit   'buffer-equal-constant-time': [ '1.0.1' ],
101 silly audit   'ecdsa-sig-formatter': [ '1.0.11' ]
101 silly audit }
102 http cache buffer-equal-constant-time@https://registry.npmjs.org/buffer-equal-constant-time/-/buffer-equal-constant-time-1.0.1.tgz 0ms (cache hit)
103 http cache ecdsa-sig-formatter@https://registry.npmjs.org/ecdsa-sig-formatter/-/ecdsa-sig-formatter-1.0.11.tgz 0ms (cache hit)
104 http cache lodash.once@https://registry.npmjs.org/lodash.once/-/lodash.once-4.1.1.tgz 0ms (cache hit)
105 http cache lodash.isplainobject@https://registry.npmjs.org/lodash.isplainobject/-/lodash.isplainobject-4.0.6.tgz 0ms (cache hit)
106 http cache jwa@https://registry.npmjs.org/jwa/-/jwa-2.0.1.tgz 0ms (cache hit)
107 http cache lodash.isinteger@https://registry.npmjs.org/lodash.isinteger/-/lodash.isinteger-4.0.4.tgz 0ms (cache hit)
108 http cache lodash.isstring@https://registry.npmjs.org/lodash.isstring/-/lodash.isstring-4.0.1.tgz 0ms (cache hit)
109 http cache safe-buffer@https://registry.npmjs.org/safe-buffer/-/safe-buffer-5.2.1.tgz 0ms (cache hit)
110 http cache lodash.isboolean@https://registry.npmjs.org/lodash.isboolean/-/lodash.isboolean-3.0.3.tgz 0ms (cache hit)
111 http cache jws@https://registry.npmjs.org/jws/-/jws-4.0.1.tgz 0ms (cache hit)
112 http cache lodash.isnumber@https://registry.npmjs.org/lodash.isnumber/-/lodash.isnumber-3.0.3.tgz 0ms (cache hit)
113 http cache lodash.includes@https://registry.npmjs.org/lodash.includes/-/lodash.includes-4.3.0.tgz 0ms (cache hit)
114 http cache cookie-signature@https://registry.npmjs.org/cookie-signature/-/cookie-signature-1.0.6.tgz 0ms (cache hit)
115 http cache semver@https://registry.npmjs.org/semver/-/semver-7.8.0.tgz 0ms (cache hit)
116 http cache jsonwebtoken@https://registry.npmjs.org/jsonwebtoken/-/jsonwebtoken-9.0.3.tgz 0ms (cache hit)
117 silly tarball no local data for buffer-equal-constant-time@https://registry.npmjs.org/buffer-equal-constant-time/-/buffer-equal-constant-time-1.0.1.tgz. Extracting by manifest.
118 silly tarball no local data for ecdsa-sig-formatter@https://registry.npmjs.org/ecdsa-sig-formatter/-/ecdsa-sig-formatter-1.0.11.tgz. Extracting by manifest.
119 silly tarball no local data for lodash.once@https://registry.npmjs.org/lodash.once/-/lodash.once-4.1.1.tgz. Extracting by manifest.
120 http cache bcryptjs@https://registry.npmjs.org/bcryptjs/-/bcryptjs-3.0.3.tgz 0ms (cache hit)
121 http cache cookie-parser@https://registry.npmjs.org/cookie-parser/-/cookie-parser-1.4.7.tgz 0ms (cache hit)
122 silly tarball no local data for lodash.isplainobject@https://registry.npmjs.org/lodash.isplainobject/-/lodash.isplainobject-4.0.6.tgz. Extracting by manifest.
123 silly tarball no local data for jwa@https://registry.npmjs.org/jwa/-/jwa-2.0.1.tgz. Extracting by manifest.
124 silly tarball no local data for lodash.isinteger@https://registry.npmjs.org/lodash.isinteger/-/lodash.isinteger-4.0.4.tgz. Extracting by manifest.
125 silly tarball no local data for lodash.isstring@https://registry.npmjs.org/lodash.isstring/-/lodash.isstring-4.0.1.tgz. Extracting by manifest.
126 silly tarball no local data for safe-buffer@https://registry.npmjs.org/safe-buffer/-/safe-buffer-5.2.1.tgz. Extracting by manifest.
127 silly tarball no local data for lodash.isboolean@https://registry.npmjs.org/lodash.isboolean/-/lodash.isboolean-3.0.3.tgz. Extracting by manifest.
128 silly tarball no local data for jws@https://registry.npmjs.org/jws/-/jws-4.0.1.tgz. Extracting by manifest.
129 silly tarball no local data for lodash.isnumber@https://registry.npmjs.org/lodash.isnumber/-/lodash.isnumber-3.0.3.tgz. Extracting by manifest.
130 silly tarball no local data for lodash.includes@https://registry.npmjs.org/lodash.includes/-/lodash.includes-4.3.0.tgz. Extracting by manifest.
131 silly tarball no local data for cookie-signature@https://registry.npmjs.org/cookie-signature/-/cookie-signature-1.0.6.tgz. Extracting by manifest.
132 silly tarball no local data for jsonwebtoken@https://registry.npmjs.org/jsonwebtoken/-/jsonwebtoken-9.0.3.tgz. Extracting by manifest.
133 silly tarball no local data for bcryptjs@https://registry.npmjs.org/bcryptjs/-/bcryptjs-3.0.3.tgz. Extracting by manifest.
134 silly tarball no local data for cookie-parser@https://registry.npmjs.org/cookie-parser/-/cookie-parser-1.4.7.tgz. Extracting by manifest.
135 http fetch POST 200 https://registry.npmjs.org/-/npm/v1/security/advisories/bulk 101ms
136 silly audit report {}
137 http fetch GET 200 https://registry.npmjs.org/lodash.isinteger/-/lodash.isinteger-4.0.4.tgz 98ms (cache miss)
138 http fetch GET 200 https://registry.npmjs.org/lodash.isplainobject/-/lodash.isplainobject-4.0.6.tgz 102ms (cache miss)
139 http fetch GET 200 https://registry.npmjs.org/lodash.isboolean/-/lodash.isboolean-3.0.3.tgz 101ms (cache miss)
140 http fetch GET 200 https://registry.npmjs.org/lodash.isstring/-/lodash.isstring-4.0.1.tgz 104ms (cache miss)
141 http fetch GET 200 https://registry.npmjs.org/lodash.once/-/lodash.once-4.1.1.tgz 107ms (cache miss)
142 http fetch GET 200 https://registry.npmjs.org/jwa/-/jwa-2.0.1.tgz 107ms (cache miss)
143 http fetch GET 200 https://registry.npmjs.org/buffer-equal-constant-time/-/buffer-equal-constant-time-1.0.1.tgz 113ms (cache miss)
144 http fetch GET 200 https://registry.npmjs.org/safe-buffer/-/safe-buffer-5.2.1.tgz 112ms (cache miss)
145 http fetch GET 200 https://registry.npmjs.org/ecdsa-sig-formatter/-/ecdsa-sig-formatter-1.0.11.tgz 116ms (cache miss)
146 http fetch GET 200 https://registry.npmjs.org/cookie-parser/-/cookie-parser-1.4.7.tgz 114ms (cache miss)
147 http fetch GET 200 https://registry.npmjs.org/lodash.isnumber/-/lodash.isnumber-3.0.3.tgz 141ms (cache miss)
148 http fetch GET 200 https://registry.npmjs.org/cookie-signature/-/cookie-signature-1.0.6.tgz 141ms (cache miss)
149 http fetch GET 200 https://registry.npmjs.org/bcryptjs/-/bcryptjs-3.0.3.tgz 139ms (cache miss)
150 http fetch GET 200 https://registry.npmjs.org/lodash.includes/-/lodash.includes-4.3.0.tgz 145ms (cache miss)
151 http fetch GET 200 https://registry.npmjs.org/jws/-/jws-4.0.1.tgz 148ms (cache miss)
152 http fetch GET 200 https://registry.npmjs.org/jsonwebtoken/-/jsonwebtoken-9.0.3.tgz 159ms (cache miss)
153 silly ADD node_modules/ecdsa-sig-formatter
154 silly ADD node_modules/buffer-equal-constant-time
155 silly ADD node_modules/safe-buffer
156 silly ADD node_modules/jwa
157 silly ADD node_modules/lodash.once
158 silly ADD node_modules/lodash.isstring
159 silly ADD node_modules/lodash.isplainobject
160 silly ADD node_modules/lodash.isnumber
161 silly ADD node_modules/lodash.isinteger
162 silly ADD node_modules/lodash.isboolean
163 silly ADD node_modules/lodash.includes
164 silly ADD node_modules/jws
165 silly ADD node_modules/jsonwebtoken
166 silly ADD node_modules/jsonwebtoken/node_modules/semver
167 silly ADD node_modules/cookie-parser
168 silly ADD node_modules/cookie-parser/node_modules/cookie-signature
169 silly ADD node_modules/bcryptjs
170 verbose cwd C:\Users\Stephen\Documents\New project
171 verbose os Windows_NT 10.0.26200
172 verbose node v24.14.0
173 verbose npm  v11.9.0
174 verbose exit 0
175 info ok
