0 verbose cli C:\Program Files\nodejs\node.exe C:\Program Files\nodejs\node_modules\npm\bin\npm-cli.js
1 info using npm@11.9.0
2 info using node@v24.14.0
3 silly config load:file:C:\Program Files\nodejs\node_modules\npm\npmrc
4 silly config load:file:C:\Users\Stephen\Documents\New project\.npmrc
5 silly config load:file:C:\Users\Stephen\.npmrc
6 silly config load:file:C:\Users\Stephen\AppData\Roaming\npm\etc\npmrc
7 verbose title npm install @types/jsonwebtoken @types/cookie-parser
8 verbose argv "install" "--cache" ".\\.npm-cache" "--save-dev" "@types/jsonwebtoken" "@types/cookie-parser"
9 verbose logfile logs-max:10 dir:C:\Users\Stephen\Documents\New project\.npm-cache\_logs\2026-05-11T12_56_37_148Z-
10 verbose logfile C:\Users\Stephen\Documents\New project\.npm-cache\_logs\2026-05-11T12_56_37_148Z-debug-0.log
11 silly logfile done cleaning log files
12 silly packumentCache heap:4496293888 maxSize:1124073472 maxEntrySize:562036736
13 silly idealTree buildDeps
14 silly fetch manifest @types/jsonwebtoken@*
15 silly packumentCache full:https://registry.npmjs.org/@types%2fjsonwebtoken cache-miss
16 http fetch GET 200 https://registry.npmjs.org/@types%2fjsonwebtoken 145ms (cache miss)
17 silly packumentCache full:https://registry.npmjs.org/@types%2fjsonwebtoken set size:undefined disposed:false
18 silly fetch manifest @types/cookie-parser@*
19 silly packumentCache full:https://registry.npmjs.org/@types%2fcookie-parser cache-miss
20 http fetch GET 200 https://registry.npmjs.org/@types%2fcookie-parser 73ms (cache miss)
21 silly packumentCache full:https://registry.npmjs.org/@types%2fcookie-parser set size:undefined disposed:false
22 silly fetch manifest @types/express@*
23 silly packumentCache full:https://registry.npmjs.org/@types%2fexpress cache-miss
24 http fetch GET 200 https://registry.npmjs.org/@types%2fexpress 55ms (cache revalidated)
25 silly packumentCache full:https://registry.npmjs.org/@types%2fexpress set size:111364 disposed:false
26 silly placeDep ROOT @types/cookie-parser@1.4.10 OK for: drafting-design-erp@0.1.0 want: *
27 silly placeDep ROOT @types/jsonwebtoken@9.0.10 OK for: drafting-design-erp@0.1.0 want: *
28 silly fetch manifest @types/ms@*
29 silly packumentCache full:https://registry.npmjs.org/@types%2fms cache-miss
30 http fetch GET 200 https://registry.npmjs.org/@types%2fms 45ms (cache miss)
31 silly packumentCache full:https://registry.npmjs.org/@types%2fms set size:undefined disposed:false
32 silly placeDep ROOT @types/ms@2.1.0 OK for: @types/jsonwebtoken@9.0.10 want: *
33 silly reify moves {}
34 silly audit bulk request {
34 silly audit   '@erp/backend': [ '0.1.0' ],
34 silly audit   typescript: [ '5.9.3', '6.0.3' ],
34 silly audit   '@erp/frontend': [ '0.1.0' ],
34 silly audit   '@alloc/quick-lru': [ '5.2.0' ],
34 silly audit   '@babel/code-frame': [ '7.29.0' ],
34 silly audit   '@babel/compat-data': [ '7.29.3' ],
34 silly audit   '@babel/core': [ '7.29.0' ],
34 silly audit   '@babel/generator': [ '7.29.1' ],
34 silly audit   '@babel/helper-compilation-targets': [ '7.28.6' ],
34 silly audit   '@babel/helper-globals': [ '7.28.0' ],
34 silly audit   '@babel/helper-module-imports': [ '7.28.6' ],
34 silly audit   '@babel/helper-module-transforms': [ '7.28.6' ],
34 silly audit   '@babel/helper-plugin-utils': [ '7.28.6' ],
34 silly audit   '@babel/helper-string-parser': [ '7.27.1' ],
34 silly audit   '@babel/helper-validator-identifier': [ '7.28.5' ],
34 silly audit   '@babel/helper-validator-option': [ '7.27.1' ],
34 silly audit   '@babel/helpers': [ '7.29.2' ],
34 silly audit   '@babel/parser': [ '7.29.3' ],
34 silly audit   '@babel/plugin-transform-react-jsx-self': [ '7.27.1' ],
34 silly audit   '@babel/plugin-transform-react-jsx-source': [ '7.27.1' ],
34 silly audit   '@babel/template': [ '7.28.6' ],
34 silly audit   '@babel/traverse': [ '7.29.0' ],
34 silly audit   '@babel/types': [ '7.29.0' ],
34 silly audit   '@esbuild/aix-ppc64': [ '0.27.7', '0.25.12' ],
34 silly audit   '@esbuild/android-arm': [ '0.27.7', '0.25.12' ],
34 silly audit   '@esbuild/android-arm64': [ '0.27.7', '0.25.12' ],
34 silly audit   '@esbuild/android-x64': [ '0.27.7', '0.25.12' ],
34 silly audit   '@esbuild/darwin-arm64': [ '0.27.7', '0.25.12' ],
34 silly audit   '@esbuild/darwin-x64': [ '0.27.7', '0.25.12' ],
34 silly audit   '@esbuild/freebsd-arm64': [ '0.27.7', '0.25.12' ],
34 silly audit   '@esbuild/freebsd-x64': [ '0.27.7', '0.25.12' ],
34 silly audit   '@esbuild/linux-arm': [ '0.27.7', '0.25.12' ],
34 silly audit   '@esbuild/linux-arm64': [ '0.27.7', '0.25.12' ],
34 silly audit   '@esbuild/linux-ia32': [ '0.27.7', '0.25.12' ],
34 silly audit   '@esbuild/linux-loong64': [ '0.27.7', '0.25.12' ],
34 silly audit   '@esbuild/linux-mips64el': [ '0.27.7', '0.25.12' ],
34 silly audit   '@esbuild/linux-ppc64': [ '0.27.7', '0.25.12' ],
34 silly audit   '@esbuild/linux-riscv64': [ '0.27.7', '0.25.12' ],
34 silly audit   '@esbuild/linux-s390x': [ '0.27.7', '0.25.12' ],
34 silly audit   '@esbuild/linux-x64': [ '0.27.7', '0.25.12' ],
34 silly audit   '@esbuild/netbsd-arm64': [ '0.27.7', '0.25.12' ],
34 silly audit   '@esbuild/netbsd-x64': [ '0.27.7', '0.25.12' ],
34 silly audit   '@esbuild/openbsd-arm64': [ '0.27.7', '0.25.12' ],
34 silly audit   '@esbuild/openbsd-x64': [ '0.27.7', '0.25.12' ],
34 silly audit   '@esbuild/openharmony-arm64': [ '0.27.7', '0.25.12' ],
34 silly audit   '@esbuild/sunos-x64': [ '0.27.7', '0.25.12' ],
34 silly audit   '@esbuild/win32-arm64': [ '0.27.7', '0.25.12' ],
34 silly audit   '@esbuild/win32-ia32': [ '0.27.7', '0.25.12' ],
34 silly audit   '@esbuild/win32-x64': [ '0.27.7', '0.25.12' ],
34 silly audit   '@eslint-community/eslint-utils': [ '4.9.1' ],
34 silly audit   'eslint-visitor-keys': [ '3.4.3', '5.0.1', '4.2.1' ],
34 silly audit   '@eslint-community/regexpp': [ '4.12.2' ],
34 silly audit   '@eslint/config-array': [ '0.21.2' ],
34 silly audit   '@eslint/config-helpers': [ '0.4.2' ],
34 silly audit   '@eslint/core': [ '0.17.0' ],
34 silly audit   '@eslint/eslintrc': [ '3.3.5' ],
34 silly audit   globals: [ '14.0.0', '16.5.0' ],
34 silly audit   '@eslint/js': [ '9.39.4' ],
34 silly audit   '@eslint/object-schema': [ '2.1.7' ],
34 silly audit   '@eslint/plugin-kit': [ '0.4.1' ],
34 silly audit   '@humanfs/core': [ '0.19.2' ],
34 silly audit   '@humanfs/node': [ '0.16.8' ],
34 silly audit   '@humanfs/types': [ '0.15.0' ],
34 silly audit   '@humanwhocodes/module-importer': [ '1.0.1' ],
34 silly audit   '@humanwhocodes/retry': [ '0.4.3' ],
34 silly audit   '@jridgewell/gen-mapping': [ '0.3.13' ],
34 silly audit   '@jridgewell/remapping': [ '2.3.5' ],
34 silly audit   '@jridgewell/resolve-uri': [ '3.1.2' ],
34 silly audit   '@jridgewell/sourcemap-codec': [ '1.5.5' ],
34 silly audit   '@jridgewell/trace-mapping': [ '0.3.31' ],
34 silly audit   '@nodelib/fs.scandir': [ '2.1.5' ],
34 silly audit   '@nodelib/fs.stat': [ '2.0.5' ],
34 silly audit   '@nodelib/fs.walk': [ '1.2.8' ],
34 silly audit   '@rolldown/pluginutils': [ '1.0.0-beta.27' ],
34 silly audit   '@rollup/rollup-android-arm-eabi': [ '4.60.3' ],
34 silly audit   '@rollup/rollup-android-arm64': [ '4.60.3' ],
34 silly audit   '@rollup/rollup-darwin-arm64': [ '4.60.3' ],
34 silly audit   '@rollup/rollup-darwin-x64': [ '4.60.3' ],
34 silly audit   '@rollup/rollup-freebsd-arm64': [ '4.60.3' ],
34 silly audit   '@rollup/rollup-freebsd-x64': [ '4.60.3' ],
34 silly audit   '@rollup/rollup-linux-arm-gnueabihf': [ '4.60.3' ],
34 silly audit   '@rollup/rollup-linux-arm-musleabihf': [ '4.60.3' ],
34 silly audit   '@rollup/rollup-linux-arm64-gnu': [ '4.60.3' ],
34 silly audit   '@rollup/rollup-linux-arm64-musl': [ '4.60.3' ],
34 silly audit   '@rollup/rollup-linux-loong64-gnu': [ '4.60.3' ],
34 silly audit   '@rollup/rollup-linux-loong64-musl': [ '4.60.3' ],
34 silly audit   '@rollup/rollup-linux-ppc64-gnu': [ '4.60.3' ],
34 silly audit   '@rollup/rollup-linux-ppc64-musl': [ '4.60.3' ],
34 silly audit   '@rollup/rollup-linux-riscv64-gnu': [ '4.60.3' ],
34 silly audit   '@rollup/rollup-linux-riscv64-musl': [ '4.60.3' ],
34 silly audit   '@rollup/rollup-linux-s390x-gnu': [ '4.60.3' ],
34 silly audit   '@rollup/rollup-linux-x64-gnu': [ '4.60.3' ],
34 silly audit   '@rollup/rollup-linux-x64-musl': [ '4.60.3' ],
34 silly audit   '@rollup/rollup-openbsd-x64': [ '4.60.3' ],
34 silly audit   '@rollup/rollup-openharmony-arm64': [ '4.60.3' ],
34 silly audit   '@rollup/rollup-win32-arm64-msvc': [ '4.60.3' ],
34 silly audit   '@rollup/rollup-win32-ia32-msvc': [ '4.60.3' ],
34 silly audit   '@rollup/rollup-win32-x64-gnu': [ '4.60.3' ],
34 silly audit   '@rollup/rollup-win32-x64-msvc': [ '4.60.3' ],
34 silly audit   '@types/babel__core': [ '7.20.5' ],
34 silly audit   '@types/babel__generator': [ '7.27.0' ],
34 silly audit   '@types/babel__template': [ '7.4.4' ],
34 silly audit   '@types/babel__traverse': [ '7.28.0' ],
34 silly audit   '@types/body-parser': [ '1.19.6' ],
34 silly audit   '@types/connect': [ '3.4.38' ],
34 silly audit   '@types/cors': [ '2.8.19' ],
34 silly audit   '@types/estree': [ '1.0.9', '1.0.8' ],
34 silly audit   '@types/express': [ '5.0.6' ],
34 silly audit   '@types/express-serve-static-core': [ '5.1.1' ],
34 silly audit   '@types/http-errors': [ '2.0.5' ],
34 silly audit   '@types/json-schema': [ '7.0.15' ],
34 silly audit   '@types/node': [ '22.19.18' ],
34 silly audit   '@types/qs': [ '6.15.1' ],
34 silly audit   '@types/range-parser': [ '1.2.7' ],
34 silly audit   '@types/react': [ '19.2.14' ],
34 silly audit   '@types/react-dom': [ '19.2.3' ],
34 silly audit   '@types/send': [ '1.2.1' ],
34 silly audit   '@types/serve-static': [ '2.2.0' ],
34 silly audit   '@typescript-eslint/eslint-plugin': [ '8.59.2' ],
34 silly audit   ignore: [ '7.0.5', '5.3.2' ],
34 silly audit   '@typescript-eslint/parser': [ '8.59.2' ],
34 silly audit   '@typescript-eslint/project-service': [ '8.59.2' ],
34 silly audit   '@typescript-eslint/scope-manager': [ '8.59.2' ],
34 silly audit   '@typescript-eslint/tsconfig-utils': [ '8.59.2' ],
34 silly audit   '@typescript-eslint/type-utils': [ '8.59.2' ],
34 silly audit   '@typescript-eslint/types': [ '8.59.2' ],
34 silly audit   '@typescript-eslint/typescript-estree': [ '8.59.2' ],
34 silly audit   'balanced-match': [ '4.0.4', '1.0.2' ],
34 silly audit   'brace-expansion': [ '5.0.6', '1.1.14' ],
34 silly audit   minimatch: [ '10.2.5', '3.1.5' ],
34 silly audit   semver: [ '7.8.0', '6.3.1' ],
34 silly audit   '@typescript-eslint/utils': [ '8.59.2' ],
34 silly audit   '@typescript-eslint/visitor-keys': [ '8.59.2' ],
34 silly audit   '@vitejs/plugin-react': [ '4.7.0' ],
34 silly audit   accepts: [ '2.0.0' ],
34 silly audit   acorn: [ '8.16.0' ],
34 silly audit   'acorn-jsx': [ '5.3.2' ],
34 silly audit   ajv: [ '6.15.0' ],
34 silly audit   'ansi-regex': [ '5.0.1' ],
34 silly audit   'ansi-styles': [ '4.3.0' ],
34 silly audit   'any-promise': [ '1.3.0' ],
34 silly audit   anymatch: [ '3.1.3' ],
34 silly audit   arg: [ '5.0.2' ],
34 silly audit   argparse: [ '2.0.1' ],
34 silly audit   asynckit: [ '0.4.0' ],
34 silly audit   autoprefixer: [ '10.5.0' ],
34 silly audit   axios: [ '1.16.0' ],
34 silly audit   'baseline-browser-mapping': [ '2.10.29' ],
34 silly audit   bcryptjs: [ '3.0.3' ],
34 silly audit   'binary-extensions': [ '2.3.0' ],
34 silly audit   'body-parser': [ '2.2.2' ],
34 silly audit   braces: [ '3.0.3' ],
34 silly audit   browserslist: [ '4.28.2' ],
34 silly audit   'buffer-equal-constant-time': [ '1.0.1' ],
34 silly audit   bytes: [ '3.1.2' ],
34 silly audit   'call-bind-apply-helpers': [ '1.0.2' ],
34 silly audit   'call-bound': [ '1.0.4' ],
34 silly audit   callsites: [ '3.1.0' ],
34 silly audit   'camelcase-css': [ '2.0.1' ],
34 silly audit   'caniuse-lite': [ '1.0.30001792' ],
34 silly audit   chalk: [ '4.1.2' ],
34 silly audit   'supports-color': [ '7.2.0', '8.1.1' ],
34 silly audit   chokidar: [ '3.6.0' ],
34 silly audit   'glob-parent': [ '5.1.2', '6.0.2' ],
34 silly audit   cliui: [ '8.0.1' ],
34 silly audit   'color-convert': [ '2.0.1' ],
34 silly audit   'color-name': [ '1.1.4' ],
34 silly audit   'combined-stream': [ '1.0.8' ],
34 silly audit   commander: [ '4.1.1' ],
34 silly audit   'concat-map': [ '0.0.1' ],
34 silly audit   concurrently: [ '9.2.1' ],
34 silly audit   'content-disposition': [ '1.1.0' ],
34 silly audit   'content-type': [ '1.0.5' ],
34 silly audit   'convert-source-map': [ '2.0.0' ],
34 silly audit   cookie: [ '0.7.2', '1.1.1' ],
34 silly audit   'cookie-parser': [ '1.4.7' ],
34 silly audit   'cookie-signature': [ '1.0.6', '1.2.2' ],
34 silly audit   cors: [ '2.8.6' ],
34 silly audit   'cross-spawn': [ '7.0.6' ],
34 silly audit   cssesc: [ '3.0.0' ],
34 silly audit   csstype: [ '3.2.3' ],
34 silly audit   debug: [ '4.4.3' ],
34 silly audit   'deep-is': [ '0.1.4' ],
34 silly audit   'delayed-stream': [ '1.0.0' ],
34 silly audit   depd: [ '2.0.0' ],
34 silly audit   didyoumean: [ '1.2.2' ],
34 silly audit   dlv: [ '1.1.3' ],
34 silly audit   dotenv: [ '16.6.1' ],
34 silly audit   'dunder-proto': [ '1.0.1' ],
34 silly audit   'ecdsa-sig-formatter': [ '1.0.11' ],
34 silly audit   'ee-first': [ '1.1.1' ],
34 silly audit   'electron-to-chromium': [ '1.5.353' ],
34 silly audit   'emoji-regex': [ '8.0.0' ],
34 silly audit   encodeurl: [ '2.0.0' ],
34 silly audit   'es-define-property': [ '1.0.1' ],
34 silly audit   'es-errors': [ '1.3.0' ],
34 silly audit   'es-object-atoms': [ '1.1.1' ],
34 silly audit   'es-set-tostringtag': [ '2.1.0' ],
34 silly audit   esbuild: [ '0.27.7', '0.25.12' ],
34 silly audit   escalade: [ '3.2.0' ],
34 silly audit   'escape-html': [ '1.0.3' ],
34 silly audit   'escape-string-regexp': [ '4.0.0' ],
34 silly audit   eslint: [ '9.39.4' ],
34 silly audit   'eslint-config-prettier': [ '10.1.8' ],
34 silly audit   'eslint-scope': [ '8.4.0' ],
34 silly audit   espree: [ '10.4.0' ],
34 silly audit   esquery: [ '1.7.0' ],
34 silly audit   esrecurse: [ '4.3.0' ],
34 silly audit   estraverse: [ '5.3.0' ],
34 silly audit   esutils: [ '2.0.3' ],
34 silly audit   etag: [ '1.8.1' ],
34 silly audit   express: [ '5.2.1' ],
34 silly audit   'fast-deep-equal': [ '3.1.3' ],
34 silly audit   'fast-glob': [ '3.3.3' ],
34 silly audit   'fast-json-stable-stringify': [ '2.1.0' ],
34 silly audit   'fast-levenshtein': [ '2.0.6' ],
34 silly audit   fastq: [ '1.20.1' ],
34 silly audit   'file-entry-cache': [ '8.0.0' ],
34 silly audit   'fill-range': [ '7.1.1' ],
34 silly audit   finalhandler: [ '2.1.1' ],
34 silly audit   'find-up': [ '5.0.0' ],
34 silly audit   'flat-cache': [ '4.0.1' ],
34 silly audit   flatted: [ '3.4.2' ],
34 silly audit   'follow-redirects': [ '1.16.0' ],
34 silly audit   'form-data': [ '4.0.5' ],
34 silly audit   'mime-db': [ '1.52.0', '1.54.0' ],
34 silly audit   'mime-types': [ '2.1.35', '3.0.2' ],
34 silly audit   forwarded: [ '0.2.0' ],
34 silly audit   'fraction.js': [ '5.3.4' ],
34 silly audit   fresh: [ '2.0.0' ],
34 silly audit   fsevents: [ '2.3.3' ],
34 silly audit   'function-bind': [ '1.1.2' ],
34 silly audit   gensync: [ '1.0.0-beta.2' ],
34 silly audit   'get-caller-file': [ '2.0.5' ],
34 silly audit   'get-intrinsic': [ '1.3.0' ],
34 silly audit   'get-proto': [ '1.0.1' ],
34 silly audit   'get-tsconfig': [ '4.14.0' ],
34 silly audit   gopd: [ '1.2.0' ],
34 silly audit   'has-flag': [ '4.0.0' ],
34 silly audit   'has-symbols': [ '1.1.0' ],
34 silly audit   'has-tostringtag': [ '1.0.2' ],
34 silly audit   hasown: [ '2.0.3' ],
34 silly audit   helmet: [ '8.1.0' ],
34 silly audit   'http-errors': [ '2.0.1' ],
34 silly audit   'iconv-lite': [ '0.7.2' ],
34 silly audit   'import-fresh': [ '3.3.1' ],
34 silly audit   imurmurhash: [ '0.1.4' ],
34 silly audit   inherits: [ '2.0.4' ],
34 silly audit   'ipaddr.js': [ '1.9.1' ],
34 silly audit   'is-binary-path': [ '2.1.0' ],
34 silly audit   'is-core-module': [ '2.16.2' ],
34 silly audit   'is-extglob': [ '2.1.1' ],
34 silly audit   'is-fullwidth-code-point': [ '3.0.0' ],
34 silly audit   'is-glob': [ '4.0.3' ],
34 silly audit   'is-number': [ '7.0.0' ],
34 silly audit   'is-promise': [ '4.0.0' ],
34 silly audit   isexe: [ '2.0.0' ],
34 silly audit   jiti: [ '1.21.7' ],
34 silly audit   'js-tokens': [ '4.0.0' ],
34 silly audit   'js-yaml': [ '4.1.1' ],
34 silly audit   jsesc: [ '3.1.0' ],
34 silly audit   'json-buffer': [ '3.0.1' ],
34 silly audit   'json-schema-traverse': [ '0.4.1' ],
34 silly audit   'json-stable-stringify-without-jsonify': [ '1.0.1' ],
34 silly audit   json5: [ '2.2.3' ],
34 silly audit   jsonwebtoken: [ '9.0.3' ],
34 silly audit   jwa: [ '2.0.1' ],
34 silly audit   jws: [ '4.0.1' ],
34 silly audit   keyv: [ '4.5.4' ],
34 silly audit   levn: [ '0.4.1' ],
34 silly audit   lilconfig: [ '3.1.3' ],
34 silly audit   'lines-and-columns': [ '1.2.4' ],
34 silly audit   'locate-path': [ '6.0.0' ],
34 silly audit   'lodash.includes': [ '4.3.0' ],
34 silly audit   'lodash.isboolean': [ '3.0.3' ],
34 silly audit   'lodash.isinteger': [ '4.0.4' ],
34 silly audit   'lodash.isnumber': [ '3.0.3' ],
34 silly audit   'lodash.isplainobject': [ '4.0.6' ],
34 silly audit   'lodash.isstring': [ '4.0.1' ],
34 silly audit   'lodash.merge': [ '4.6.2' ],
34 silly audit   'lodash.once': [ '4.1.1' ],
34 silly audit   'lru-cache': [ '5.1.1' ],
34 silly audit   'lucide-react': [ '0.511.0' ],
34 silly audit   'math-intrinsics': [ '1.1.0' ],
34 silly audit   'media-typer': [ '1.1.0' ],
34 silly audit   'merge-descriptors': [ '2.0.0' ],
34 silly audit   merge2: [ '1.4.1' ],
34 silly audit   micromatch: [ '4.0.8' ],
34 silly audit   ms: [ '2.1.3' ],
34 silly audit   mz: [ '2.7.0' ],
34 silly audit   nanoid: [ '3.3.12' ],
34 silly audit   'natural-compare': [ '1.4.0' ],
34 silly audit   negotiator: [ '1.0.0' ],
34 silly audit   'node-releases': [ '2.0.38' ],
34 silly audit   'normalize-path': [ '3.0.0' ],
34 silly audit   'object-assign': [ '4.1.1' ],
34 silly audit   'object-hash': [ '3.0.0' ],
34 silly audit   'object-inspect': [ '1.13.4' ],
34 silly audit   'on-finished': [ '2.4.1' ],
34 silly audit   once: [ '1.4.0' ],
34 silly audit   optionator: [ '0.9.4' ],
34 silly audit   'p-limit': [ '3.1.0' ],
34 silly audit   'p-locate': [ '5.0.0' ],
34 silly audit   'parent-module': [ '1.0.1' ],
34 silly audit   parseurl: [ '1.3.3' ],
34 silly audit   'path-exists': [ '4.0.0' ],
34 silly audit   'path-key': [ '3.1.1' ],
34 silly audit   'path-parse': [ '1.0.7' ],
34 silly audit   'path-to-regexp': [ '8.4.2' ],
34 silly audit   picocolors: [ '1.1.1' ],
34 silly audit   picomatch: [ '2.3.2', '4.0.4' ],
34 silly audit   pify: [ '2.3.0' ],
34 silly audit   pirates: [ '4.0.7' ],
34 silly audit   postcss: [ '8.5.14' ],
34 silly audit   'postcss-import': [ '15.1.0' ],
34 silly audit   'postcss-js': [ '4.1.0' ],
34 silly audit   'postcss-load-config': [ '6.0.1' ],
34 silly audit   'postcss-nested': [ '6.2.0' ],
34 silly audit   'postcss-selector-parser': [ '6.1.2' ],
34 silly audit   'postcss-value-parser': [ '4.2.0' ],
34 silly audit   'prelude-ls': [ '1.2.1' ],
34 silly audit   prettier: [ '3.8.3' ],
34 silly audit   'proxy-addr': [ '2.0.7' ],
34 silly audit   'proxy-from-env': [ '2.1.0' ],
34 silly audit   punycode: [ '2.3.1' ],
34 silly audit   qs: [ '6.15.1' ],
34 silly audit   'queue-microtask': [ '1.2.3' ],
34 silly audit   'range-parser': [ '1.2.1' ],
34 silly audit   'raw-body': [ '3.0.2' ],
34 silly audit   react: [ '19.2.6' ],
34 silly audit   'react-dom': [ '19.2.6' ],
34 silly audit   'react-refresh': [ '0.17.0' ],
34 silly audit   'react-router': [ '7.15.0' ],
34 silly audit   'react-router-dom': [ '7.15.0' ],
34 silly audit   'read-cache': [ '1.0.0' ],
34 silly audit   readdirp: [ '3.6.0' ],
34 silly audit   'require-directory': [ '2.1.1' ],
34 silly audit   resolve: [ '1.22.12' ],
34 silly audit   'resolve-from': [ '4.0.0' ],
34 silly audit   'resolve-pkg-maps': [ '1.0.0' ],
34 silly audit   reusify: [ '1.1.0' ],
34 silly audit   rollup: [ '4.60.3' ],
34 silly audit   router: [ '2.2.0' ],
34 silly audit   'run-parallel': [ '1.2.0' ],
34 silly audit   rxjs: [ '7.8.2' ],
34 silly audit   'safe-buffer': [ '5.2.1' ],
34 silly audit   'safer-buffer': [ '2.1.2' ],
34 silly audit   scheduler: [ '0.27.0' ],
34 silly audit   send: [ '1.2.1' ],
34 silly audit   'serve-static': [ '2.2.1' ],
34 silly audit   'set-cookie-parser': [ '2.7.2' ],
34 silly audit   setprototypeof: [ '1.2.0' ],
34 silly audit   'shebang-command': [ '2.0.0' ],
34 silly audit   'shebang-regex': [ '3.0.0' ],
34 silly audit   'shell-quote': [ '1.8.3' ],
34 silly audit   'side-channel': [ '1.1.0' ],
34 silly audit   'side-channel-list': [ '1.0.1' ],
34 silly audit   'side-channel-map': [ '1.0.1' ],
34 silly audit   'side-channel-weakmap': [ '1.0.2' ],
34 silly audit   'source-map-js': [ '1.2.1' ],
34 silly audit   statuses: [ '2.0.2' ],
34 silly audit   'string-width': [ '4.2.3' ],
34 silly audit   'strip-ansi': [ '6.0.1' ],
34 silly audit   'strip-json-comments': [ '3.1.1' ],
34 silly audit   sucrase: [ '3.35.1' ],
34 silly audit   'supports-preserve-symlinks-flag': [ '1.0.0' ],
34 silly audit   tailwindcss: [ '3.4.19' ],
34 silly audit   thenify: [ '3.3.1' ],
34 silly audit   'thenify-all': [ '1.6.0' ],
34 silly audit   tinyglobby: [ '0.2.16' ],
34 silly audit   fdir: [ '6.5.0' ],
34 silly audit   'to-regex-range': [ '5.0.1' ],
34 silly audit   toidentifier: [ '1.0.1' ],
34 silly audit   'tree-kill': [ '1.2.2' ],
34 silly audit   'ts-api-utils': [ '2.5.0' ],
34 silly audit   'ts-interface-checker': [ '0.1.13' ],
34 silly audit   tslib: [ '2.8.1' ],
34 silly audit   tsx: [ '4.21.0' ],
34 silly audit   'type-check': [ '0.4.0' ],
34 silly audit   'type-is': [ '2.0.1' ],
34 silly audit   'typescript-eslint': [ '8.59.2' ],
34 silly audit   'undici-types': [ '6.21.0' ],
34 silly audit   unpipe: [ '1.0.0' ],
34 silly audit   'update-browserslist-db': [ '1.2.3' ],
34 silly audit   'uri-js': [ '4.4.1' ],
34 silly audit   'util-deprecate': [ '1.0.2' ],
34 silly audit   vary: [ '1.1.2' ],
34 silly audit   vite: [ '6.4.2' ],
34 silly audit   which: [ '2.0.2' ],
34 silly audit   'word-wrap': [ '1.2.5' ],
34 silly audit   'wrap-ansi': [ '7.0.0' ],
34 silly audit   wrappy: [ '1.0.2' ],
34 silly audit   y18n: [ '5.0.8' ],
34 silly audit   yallist: [ '3.1.1' ],
34 silly audit   yargs: [ '17.7.2' ],
34 silly audit   'yargs-parser': [ '21.1.1' ],
34 silly audit   'yocto-queue': [ '0.1.0' ],
34 silly audit   zod: [ '3.25.76' ],
34 silly audit   '@types/cookie-parser': [ '1.4.10' ],
34 silly audit   '@types/jsonwebtoken': [ '9.0.10' ],
34 silly audit   '@types/ms': [ '2.1.0' ]
34 silly audit }
35 http cache @types/jsonwebtoken@https://registry.npmjs.org/@types/jsonwebtoken/-/jsonwebtoken-9.0.10.tgz 0ms (cache hit)
36 http cache @types/ms@https://registry.npmjs.org/@types/ms/-/ms-2.1.0.tgz 0ms (cache hit)
37 http cache @types/cookie-parser@https://registry.npmjs.org/@types/cookie-parser/-/cookie-parser-1.4.10.tgz 0ms (cache hit)
38 silly tarball no local data for @types/jsonwebtoken@https://registry.npmjs.org/@types/jsonwebtoken/-/jsonwebtoken-9.0.10.tgz. Extracting by manifest.
39 silly tarball no local data for @types/ms@https://registry.npmjs.org/@types/ms/-/ms-2.1.0.tgz. Extracting by manifest.
40 silly tarball no local data for @types/cookie-parser@https://registry.npmjs.org/@types/cookie-parser/-/cookie-parser-1.4.10.tgz. Extracting by manifest.
41 http fetch POST 200 https://registry.npmjs.org/-/npm/v1/security/advisories/bulk 122ms
42 silly audit report {}
43 http fetch GET 200 https://registry.npmjs.org/@types/ms/-/ms-2.1.0.tgz 121ms (cache miss)
44 http fetch GET 200 https://registry.npmjs.org/@types/cookie-parser/-/cookie-parser-1.4.10.tgz 131ms (cache miss)
45 http fetch GET 200 https://registry.npmjs.org/@types/jsonwebtoken/-/jsonwebtoken-9.0.10.tgz 133ms (cache miss)
46 silly ADD node_modules/@types/ms
47 silly ADD node_modules/@types/jsonwebtoken
48 silly ADD node_modules/@types/cookie-parser
49 verbose cwd C:\Users\Stephen\Documents\New project
50 verbose os Windows_NT 10.0.26200
51 verbose node v24.14.0
52 verbose npm  v11.9.0
53 verbose exit 0
54 info ok
